[    0.000000] Initializing cgroup subsys cpuset
[    0.000000] Initializing cgroup subsys cpu
[    0.000000] Initializing cgroup subsys cpuacct
[    0.000000] Linux version 4.4.0-187-generic (buildd@lgw01-amd64-035) (gcc version 5.4.0 20160609 (Ubuntu 5.4.0-6ubuntu1~16.04.12) ) #217-Ubuntu SMP Tue Jul 21 04:18:15 UTC 2020 (Ubuntu 4.4.0-187.217-generic 4.4.230)
[    0.000000] Command line: BOOT_IMAGE=/boot/vmlinuz-4.4.0-187-generic root=LABEL=cloudimg-rootfs ro console=tty1 console=ttyS0
[    0.000000] KERNEL supported cpus:
[    0.000000]   Intel GenuineIntel
[    0.000000]   AMD AuthenticAMD
[    0.000000]   Centaur CentaurHauls
[    0.000000] x86/fpu: xstate_offset[2]:  576, xstate_sizes[2]:  256
[    0.000000] x86/fpu: Supporting XSAVE feature 0x01: 'x87 floating point registers'
[    0.000000] x86/fpu: Supporting XSAVE feature 0x02: 'SSE registers'
[    0.000000] x86/fpu: Supporting XSAVE feature 0x04: 'AVX registers'
[    0.000000] x86/fpu: Enabled xstate features 0x7, context size is 832 bytes, using 'standard' format.
[    0.000000] e820: BIOS-provided physical RAM map:
[    0.000000] BIOS-e820: [mem 0x0000000000000000-0x000000000009fbff] usable
[    0.000000] BIOS-e820: [mem 0x000000000009fc00-0x000000000009ffff] reserved
[    0.000000] BIOS-e820: [mem 0x00000000000f0000-0x00000000000fffff] reserved
[    0.000000] BIOS-e820: [mem 0x0000000000100000-0x000000003ffeffff] usable
[    0.000000] BIOS-e820: [mem 0x000000003fff0000-0x000000003fffffff] ACPI data
[    0.000000] BIOS-e820: [mem 0x00000000fec00000-0x00000000fec00fff] reserved
[    0.000000] BIOS-e820: [mem 0x00000000fee00000-0x00000000fee00fff] reserved
[    0.000000] BIOS-e820: [mem 0x00000000fffc0000-0x00000000ffffffff] reserved
[    0.000000] NX (Execute Disable) protection: active
[    0.000000] SMBIOS 2.5 present.
[    0.000000] Hypervisor detected: KVM
[    0.000000] e820: last_pfn = 0x3fff0 max_arch_pfn = 0x400000000
[    0.000000] MTRR: Disabled
[    0.000000] x86/PAT: MTRRs disabled, skipping PAT initialization too.
[    0.000000] CPU MTRRs all blank - virtualized system.
[    0.000000] x86/PAT: Configuration [0-7]: WB  WT  UC- UC  WB  WT  UC- UC  
[    0.000000] found SMP MP-table at [mem 0x0009fff0-0x0009ffff] mapped at [ffff88000009fff0]
[    0.000000] Scanning 1 areas for low memory corruption
[    0.000000] RAMDISK: [mem 0x361c0000-0x370d7fff]
[    0.000000] ACPI: Early table checksum verification disabled
[    0.000000] ACPI: RSDP 0x00000000000E0000 000024 (v02 VBOX  )
[    0.000000] ACPI: XSDT 0x000000003FFF0030 00003C (v01 VBOX   VBOXXSDT 00000001 ASL  00000061)
[    0.000000] ACPI: FACP 0x000000003FFF00F0 0000F4 (v04 VBOX   VBOXFACP 00000001 ASL  00000061)
[    0.000000] ACPI: DSDT 0x000000003FFF0470 002325 (v02 VBOX   VBOXBIOS 00000002 INTL 20100528)
[    0.000000] ACPI: FACS 0x000000003FFF0200 000040
[    0.000000] ACPI: FACS 0x000000003FFF0200 000040
[    0.000000] ACPI: APIC 0x000000003FFF0240 00005C (v02 VBOX   VBOXAPIC 00000001 ASL  00000061)
[    0.000000] ACPI: SSDT 0x000000003FFF02A0 0001CC (v01 VBOX   VBOXCPUT 00000002 INTL 20100528)
[    0.000000] No NUMA configuration found
[    0.000000] Faking a node at [mem 0x0000000000000000-0x000000003ffeffff]
[    0.000000] NODE_DATA(0) allocated [mem 0x3ffeb000-0x3ffeffff]
[    0.000000] kvm-clock: Using msrs 4b564d01 and 4b564d00
[    0.000000] kvm-clock: cpu 0, msr 0:3ffe3001, primary cpu clock
[    0.000000] kvm-clock: using sched offset of 5392716627 cycles
[    0.000000] clocksource: kvm-clock: mask: 0xffffffffffffffff max_cycles: 0x1cd42e4dffb, max_idle_ns: 881590591483 ns
[    0.000000] Zone ranges:
[    0.000000]   DMA      [mem 0x0000000000001000-0x0000000000ffffff]
[    0.000000]   DMA32    [mem 0x0000000001000000-0x000000003ffeffff]
[    0.000000]   Normal   empty
[    0.000000]   Device   empty
[    0.000000] Movable zone start for each node
[    0.000000] Early memory node ranges
[    0.000000]   node   0: [mem 0x0000000000001000-0x000000000009efff]
[    0.000000]   node   0: [mem 0x0000000000100000-0x000000003ffeffff]
[    0.000000] Initmem setup node 0 [mem 0x0000000000001000-0x000000003ffeffff]
[    0.000000] ACPI: PM-Timer IO Port: 0x4008
[    0.000000] IOAPIC[0]: apic_id 2, version 32, address 0xfec00000, GSI 0-23
[    0.000000] ACPI: INT_SRC_OVR (bus 0 bus_irq 0 global_irq 2 dfl dfl)
[    0.000000] ACPI: INT_SRC_OVR (bus 0 bus_irq 9 global_irq 9 low level)
[    0.000000] Using ACPI (MADT) for SMP configuration information
[    0.000000] smpboot: Allowing 2 CPUs, 0 hotplug CPUs
[    0.000000] PM: Registered nosave memory: [mem 0x00000000-0x00000fff]
[    0.000000] PM: Registered nosave memory: [mem 0x0009f000-0x0009ffff]
[    0.000000] PM: Registered nosave memory: [mem 0x000a0000-0x000effff]
[    0.000000] PM: Registered nosave memory: [mem 0x000f0000-0x000fffff]
[    0.000000] e820: [mem 0x40000000-0xfebfffff] available for PCI devices
[    0.000000] Booting paravirtualized kernel on KVM
[    0.000000] clocksource: refined-jiffies: mask: 0xffffffff max_cycles: 0xffffffff, max_idle_ns: 7645519600211568 ns
[    0.000000] setup_percpu: NR_CPUS:512 nr_cpumask_bits:512 nr_cpu_ids:2 nr_node_ids:1
[    0.000000] PERCPU: Embedded 33 pages/cpu @ffff88003fc00000 s95512 r8192 d31464 u1048576
[    0.000000] Built 1 zonelists in Node order, mobility grouping on.  Total pages: 257912
[    0.000000] Policy zone: DMA32
[    0.000000] Kernel command line: BOOT_IMAGE=/boot/vmlinuz-4.4.0-187-generic root=LABEL=cloudimg-rootfs ro console=tty1 console=ttyS0
[    0.000000] PID hash table entries: 4096 (order: 3, 32768 bytes)
[    0.000000] Memory: 997088K/1048120K available (8636K kernel code, 1337K rwdata, 4040K rodata, 1492K init, 1296K bss, 51032K reserved, 0K cma-reserved)
[    0.000000] SLUB: HWalign=64, Order=0-3, MinObjects=0, CPUs=2, Nodes=1
[    0.000000] Kernel/User page tables isolation: enabled
[    0.000000] Hierarchical RCU implementation.
[    0.000000] 	Build-time adjustment of leaf fanout to 64.
[    0.000000] 	RCU restricting CPUs from NR_CPUS=512 to nr_cpu_ids=2.
[    0.000000] RCU: Adjusting geometry for rcu_fanout_leaf=64, nr_cpu_ids=2
[    0.000000] NR_IRQS:33024 nr_irqs:440 16
[    0.000000] Console: colour VGA+ 80x25
[    0.000000] console [tty1] enabled
[    0.000000] console [ttyS0] enabled
[    0.000000] tsc: Detected 3408.000 MHz processor
[    0.184111] Calibrating delay loop (skipped) preset value.. 6816.00 BogoMIPS (lpj=13632000)
[    0.186644] pid_max: default: 32768 minimum: 301
[    0.188018] ACPI: Core revision 20150930
[    0.189893] ACPI: 2 ACPI AML tables successfully acquired and loaded
[    0.191905] Security Framework initialized
[    0.193164] Yama: becoming mindful.
[    0.194255] AppArmor: AppArmor initialized
[    0.195573] Dentry cache hash table entries: 131072 (order: 8, 1048576 bytes)
[    0.198658] Inode-cache hash table entries: 65536 (order: 7, 524288 bytes)
[    0.200644] Mount-cache hash table entries: 2048 (order: 2, 16384 bytes)
[    0.202497] Mountpoint-cache hash table entries: 2048 (order: 2, 16384 bytes)
[    0.204716] Initializing cgroup subsys io
[    0.205925] Initializing cgroup subsys memory
[    0.207242] Initializing cgroup subsys devices
[    0.208542] Initializing cgroup subsys freezer
[    0.209862] Initializing cgroup subsys net_cls
[    0.211222] Initializing cgroup subsys perf_event
[    0.212596] Initializing cgroup subsys net_prio
[    0.213966] Initializing cgroup subsys hugetlb
[    0.215504] Initializing cgroup subsys pids
[    0.217718] mce: CPU supports 0 MCE banks
[    0.218944] Last level iTLB entries: 4KB 128, 2MB 8, 4MB 8
[    0.220656] Last level dTLB entries: 4KB 64, 2MB 0, 4MB 0, 1GB 4
[    0.222557] Spectre V1 : Mitigation: usercopy/swapgs barriers and __user pointer sanitization
[    0.225338] Spectre V2 : Mitigation: Full generic retpoline
[    0.226985] Spectre V2 : Spectre v2 / SpectreRSB mitigation: Filling RSB on context switch
[    0.229416] Speculative Store Bypass: Vulnerable
[    0.230790] SRBDS: Unknown: Dependent on hypervisor status
[    0.232481] MDS: Mitigation: Clear CPU buffers
[    0.236097] Freeing SMP alternatives memory: 36K
[    0.244194] ftrace: allocating 32337 entries in 127 pages
[    0.300843] smpboot: APIC(0) Converting physical 0 to logical package 0
[    0.303265] smpboot: Max logical packages: 1
[    0.304941] x2apic enabled
[    0.306383] Switched APIC routing to physical x2apic.
[    0.309245] ..TIMER: vector=0x30 apic1=0 pin1=2 apic2=-1 pin2=-1
[    0.419771] smpboot: CPU0: Intel(R) Core(TM) i5-7500 CPU @ 3.40GHz (family: 0x6, model: 0x9e, stepping: 0x9)
[    0.422821] Performance Events: unsupported p6 CPU model 158 no PMU driver, software events only.
[    0.435728] KVM setup paravirtual spinlock
[    0.437637] x86: Booting SMP configuration:
[    0.438888] .... node  #0, CPUs:      #1
[    0.440379] kvm-clock: cpu 1, msr 0:3ffe3041, secondary cpu clock
[    0.442896] mce: CPU supports 0 MCE banks
[    0.446023] x86: Booted up 1 node, 2 CPUs
[    0.447413] smpboot: Total of 2 processors activated (13632.00 BogoMIPS)
[    0.449677] devtmpfs: initialized
[    0.452131] evm: security.selinux
[    0.453225] evm: security.SMACK64
[    0.454287] evm: security.SMACK64EXEC
[    0.455427] evm: security.SMACK64TRANSMUTE
[    0.456676] evm: security.SMACK64MMAP
[    0.457798] evm: security.ima
[    0.458837] evm: security.capability
[    0.460090] clocksource: jiffies: mask: 0xffffffff max_cycles: 0xffffffff, max_idle_ns: 7645041785100000 ns
[    0.462812] futex hash table entries: 512 (order: 3, 32768 bytes)
[    0.464756] pinctrl core: initialized pinctrl subsystem
[    0.466399] RTC time: 23:46:38, date: 08/30/20
[    0.467950] NET: Registered protocol family 16
[    0.480489] cpuidle: using governor ladder
[    0.492505] cpuidle: using governor menu
[    0.493685] PCCT header not found.
[    0.494791] ACPI: bus type PCI registered
[    0.496023] acpiphp: ACPI Hot Plug PCI Controller Driver version: 0.5
[    0.497972] PCI: Using configuration type 1 for base access
[    0.513184] ACPI: Added _OSI(Module Device)
[    0.514565] ACPI: Added _OSI(Processor Device)
[    0.515940] ACPI: Added _OSI(3.0 _SCP Extensions)
[    0.517358] ACPI: Added _OSI(Processor Aggregator Device)
[    0.519646] ACPI: Executed 1 blocks of module-level executable AML code
[    0.523357] ACPI: Interpreter enabled
[    0.524510] ACPI: (supports S0 S5)
[    0.525555] ACPI: Using IOAPIC for interrupt routing
[    0.527184] PCI: Using host bridge windows from ACPI; if necessary, use "pci=nocrs" and report a bug
[    0.533321] ACPI: PCI Root Bridge [PCI0] (domain 0000 [bus 00-ff])
[    0.535428] acpi PNP0A03:00: _OSC: OS supports [ASPM ClockPM Segments MSI]
[    0.537559] acpi PNP0A03:00: _OSC: not requesting OS control; OS requires [ExtendedConfig ASPM ClockPM MSI]
[    0.540343] acpi PNP0A03:00: fail to add MMCONFIG information, can't access extended PCI configuration space under this bridge.
[    0.543954] PCI host bridge to bus 0000:00
[    0.545242] pci_bus 0000:00: root bus resource [io  0x0000-0x0cf7 window]
[    0.547176] pci_bus 0000:00: root bus resource [io  0x0d00-0xffff window]
[    0.549008] pci_bus 0000:00: root bus resource [mem 0x000a0000-0x000bffff window]
[    0.551322] pci_bus 0000:00: root bus resource [mem 0x40000000-0xfdffffff window]
[    0.553522] pci_bus 0000:00: root bus resource [bus 00-ff]
[    0.557744] pci 0000:00:01.1: legacy IDE quirk: reg 0x10: [io  0x01f0-0x01f7]
[    0.559775] pci 0000:00:01.1: legacy IDE quirk: reg 0x14: [io  0x03f6]
[    0.561552] pci 0000:00:01.1: legacy IDE quirk: reg 0x18: [io  0x0170-0x0177]
[    0.570860] pci 0000:00:01.1: legacy IDE quirk: reg 0x1c: [io  0x0376]
[    0.585617] pci 0000:00:07.0: quirk: [io  0x4000-0x403f] claimed by PIIX4 ACPI
[    0.587851] pci 0000:00:07.0: quirk: [io  0x4100-0x410f] claimed by PIIX4 SMB
[    0.598443] ACPI: PCI Interrupt Link [LNKA] (IRQs 5 9 10 *11)
[    0.600926] ACPI: PCI Interrupt Link [LNKB] (IRQs 5 9 *10 11)
[    0.603375] ACPI: PCI Interrupt Link [LNKC] (IRQs 5 *9 10 11)
[    0.605739] ACPI: PCI Interrupt Link [LNKD] (IRQs 5 9 10 *11)
[    0.608144] ACPI: Enabled 2 GPEs in block 00 to 07
[    0.610018] vgaarb: setting as boot device: PCI:0000:00:02.0
[    0.611706] vgaarb: device added: PCI:0000:00:02.0,decodes=io+mem,owns=io+mem,locks=none
[    0.613986] vgaarb: loaded
[    0.614930] vgaarb: bridge control possible 0000:00:02.0
[    0.616605] SCSI subsystem initialized
[    0.617869] ACPI: bus type USB registered
[    0.619091] usbcore: registered new interface driver usbfs
[    0.620644] usbcore: registered new interface driver hub
[    0.622217] usbcore: registered new device driver usb
[    0.623902] PCI: Using ACPI for IRQ routing
[    0.626971] NetLabel: Initializing
[    0.628044] NetLabel:  domain hash size = 128
[    0.629405] NetLabel:  protocols = UNLABELED CIPSOv4
[    0.630860] NetLabel:  unlabeled traffic allowed by default
[    0.632609] amd_nb: Cannot enumerate AMD northbridges
[    0.634170] clocksource: Switched to clocksource kvm-clock
[    0.641924] AppArmor: AppArmor Filesystem Enabled
[    0.643455] pnp: PnP ACPI init
[    0.645446] pnp: PnP ACPI: found 3 devices
[    0.656364] clocksource: acpi_pm: mask: 0xffffff max_cycles: 0xffffff, max_idle_ns: 2085701024 ns
[    0.658896] NET: Registered protocol family 2
[    0.660285] TCP established hash table entries: 8192 (order: 4, 65536 bytes)
[    0.662237] TCP bind hash table entries: 8192 (order: 5, 131072 bytes)
[    0.664024] TCP: Hash tables configured (established 8192 bind 8192)
[    0.665779] UDP hash table entries: 512 (order: 2, 16384 bytes)
[    0.667406] UDP-Lite hash table entries: 512 (order: 2, 16384 bytes)
[    0.669149] NET: Registered protocol family 1
[    0.670420] pci 0000:00:00.0: Limiting direct PCI/PCI transfers
[    0.672088] pci 0000:00:01.0: Activating ISA DMA hang workarounds
[    0.673908] Unpacking initramfs...
[    0.869353] Freeing initrd memory: 15456K
[    0.870960] clocksource: tsc: mask: 0xffffffffffffffff max_cycles: 0x311fd3cd494, max_idle_ns: 440795223879 ns
[    0.873808] platform rtc_cmos: registered platform RTC device (no PNP device found)
[    0.876157] Scanning for low memory corruption every 60 seconds
[    0.878392] audit: initializing netlink subsys (disabled)
[    0.879943] audit: type=2000 audit(1598831206.283:1): initialized
[    0.881847] Initialise system trusted keyring
[    0.883460] HugeTLB registered 2 MB page size, pre-allocated 0 pages
[    0.886344] zbud: loaded
[    0.887609] VFS: Disk quotas dquot_6.6.0
[    0.888832] VFS: Dquot-cache hash table entries: 512 (order 0, 4096 bytes)
[    0.890999] squashfs: version 4.0 (2009/01/31) Phillip Lougher
[    0.893001] fuse init (API version 7.23)
[    0.894505] Key type big_key registered
[    0.895830] Allocating IMA MOK and blacklist keyrings.
[    0.900691] Key type asymmetric registered
[    0.901922] Asymmetric key parser 'x509' registered
[    0.903439] Block layer SCSI generic (bsg) driver version 0.4 loaded (major 249)
[    0.905754] io scheduler noop registered
[    0.907035] io scheduler deadline registered (default)
[    0.908533] io scheduler cfq registered
[    0.909753] pci_hotplug: PCI Hot Plug PCI Core version: 0.5
[    0.911455] pciehp: PCI Express Hot Plug Controller Driver version: 0.4
[    0.913512] ACPI: AC Adapter [AC] (on-line)
[    0.915027] input: Power Button as /devices/LNXSYSTM:00/LNXPWRBN:00/input/input0
[    0.917171] ACPI: Power Button [PWRF]
[    0.918401] input: Sleep Button as /devices/LNXSYSTM:00/LNXSLPBN:00/input/input1
[    0.920539] ACPI: Sleep Button [SLPF]
[    0.921884] GHES: HEST is not enabled!
[    0.923546] Serial: 8250/16550 driver, 32 ports, IRQ sharing enabled
[    0.945966] 00:02: ttyS0 at I/O 0x3f8 (irq = 4, base_baud = 115200) is a 16550A
[    0.950713] Linux agpgart interface v0.103
[    0.954796] loop: module loaded
[    0.956297] scsi host0: ata_piix
[    0.957387] scsi host1: ata_piix
[    0.958407] ata1: PATA max UDMA/33 cmd 0x1f0 ctl 0x3f6 bmdma 0xd000 irq 14
[    0.960264] ata2: PATA max UDMA/33 cmd 0x170 ctl 0x376 bmdma 0xd008 irq 15
[    0.962254] libphy: Fixed MDIO Bus: probed
[    0.963540] tun: Universal TUN/TAP device driver, 1.6
[    0.965347] tun: (C) 1999-2004 Max Krasnyansky <maxk@qualcomm.com>
[    0.967246] PPP generic driver version 2.4.2
[    0.968695] ehci_hcd: USB 2.0 'Enhanced' Host Controller (EHCI) Driver
[    0.970524] ehci-pci: EHCI PCI platform driver
[    0.971847] ehci-platform: EHCI generic platform driver
[    0.973335] ohci_hcd: USB 1.1 'Open' Host Controller (OHCI) Driver
[    0.975160] ohci-pci: OHCI PCI platform driver
[    0.976484] ohci-platform: OHCI generic platform driver
[    0.977993] uhci_hcd: USB Universal Host Controller Interface driver
[    0.979865] i8042: PNP: PS/2 Controller [PNP0303:PS2K,PNP0f03:PS2M] at 0x60,0x64 irq 1,12
[    0.982558] serio: i8042 KBD port at 0x60,0x64 irq 1
[    0.984100] serio: i8042 AUX port at 0x60,0x64 irq 12
[    0.985993] mousedev: PS/2 mouse device common for all mice
[    0.988095] input: AT Translated Set 2 keyboard as /devices/platform/i8042/serio0/input/input2
[    0.991039] rtc_cmos rtc_cmos: rtc core: registered rtc_cmos as rtc0
[    0.992839] rtc_cmos rtc_cmos: alarms up to one day, 114 bytes nvram
[    0.994698] i2c /dev entries driver
[    0.995803] device-mapper: uevent: version 1.0.3
[    0.997239] device-mapper: ioctl: 4.34.0-ioctl (2015-10-28) initialised: dm-devel@redhat.com
[    0.999732] ledtrig-cpu: registered to indicate activity on CPUs
[    1.002101] NET: Registered protocol family 10
[    1.003689] NET: Registered protocol family 17
[    1.005162] Key type dns_resolver registered
[    1.007312] registered taskstats version 1
[    1.008564] Loading compiled-in X.509 certificates
[    1.010397] Loaded X.509 cert 'Build time autogenerated kernel key: f06b7227f29f55afa9b8968d1b82289d30ebc7c3'
[    1.013222] zswap: loaded using pool lzo/zbud
[    1.016377] Key type trusted registered
[    1.021077] Key type encrypted registered
[    1.022313] AppArmor: AppArmor sha1 policy hashing enabled
[    1.023969] ima: No TPM chip found, activating TPM-bypass!
[    1.025579] ima: Allocated hash algorithm: sha1
[    1.027069] evm: HMAC attrs: 0x1
[    1.028547]   Magic number: 0:944:808
[    1.029769] rtc_cmos rtc_cmos: setting system clock to 2020-08-30 23:46:39 UTC (1598831199)
[    1.032376] BIOS EDD facility v0.16 2004-Jun-25, 0 devices found
[    1.034026] EDD information not available.
[    1.141425] Freeing unused kernel memory: 1492K
[    1.142787] Write protecting the kernel read-only data: 14336k
[    1.144921] Freeing unused kernel memory: 1592K
[    1.146458] Freeing unused kernel memory: 56K
Loading, please wait...
starting version 229
[    1.160280] random: systemd-udevd: uninitialized urandom read (16 bytes read, 3 bits of entropy available)
[    1.162170] random: udevadm: uninitialized urandom read (16 bytes read, 3 bits of entropy available)
[    1.162230] random: udevadm: uninitialized urandom read (16 bytes read, 3 bits of entropy available)
[    1.168822] random: systemd-udevd: uninitialized urandom read (16 bytes read, 3 bits of entropy available)
[    1.171758] random: systemd-udevd: uninitialized urandom read (16 bytes read, 3 bits of entropy available)
[    1.174696] random: systemd-udevd: uninitialized urandom read (16 bytes read, 3 bits of entropy available)
[    1.177983] random: udevadm: uninitialized urandom read (16 bytes read, 3 bits of entropy available)
[    1.179037] random: systemd-udevd: uninitialized urandom read (16 bytes read, 3 bits of entropy available)
[    1.179081] random: systemd-udevd: uninitialized urandom read (16 bytes read, 3 bits of entropy available)
[    1.179119] random: systemd-udevd: uninitialized urandom read (16 bytes read, 3 bits of entropy available)
[    1.221084] [drm] Initialized drm 1.1.0 20060810
[    1.224666] e1000: Intel(R) PRO/1000 Network Driver - version 7.3.21-k8-NAPI
[    1.226822] e1000: Copyright (c) 1999-2006 Intel Corporation.
[    1.231799] Fusion MPT base driver 3.04.20
[    1.233075] Copyright (c) 1999-2008 LSI Corporation
[    1.253179] AVX2 version of gcm_enc/dec engaged.
[    1.254711] AES CTR mode by8 optimization enabled
[    1.268252] Fusion MPT SPI Host driver 3.04.20
[    1.282786] vboxvideo: loading out-of-tree module taints kernel.
[    1.284607] vboxvideo: module verification failed: signature and/or required key missing - tainting kernel
[    1.447589] input: ImExPS/2 Generic Explorer Mouse as /devices/platform/i8042/serio1/input/input4
[    1.634815] e1000 0000:00:03.0 eth0: (PCI:33MHz:32-bit) 02:e1:21:9c:b1:d3
[    1.636740] e1000 0000:00:03.0 eth0: Intel(R) PRO/1000 Network Connection
[    2.623355] e1000 0000:00:08.0 eth1: (PCI:33MHz:32-bit) 08:00:27:1f:3d:cf
[    2.625345] e1000 0000:00:08.0 eth1: Intel(R) PRO/1000 Network Connection
[    2.628509] e1000 0000:00:03.0 enp0s3: renamed from eth0
[    2.630450] mptbase: ioc0: Initiating bringup
[    2.643021] e1000 0000:00:08.0 enp0s8: renamed from eth1
[    2.993819] ioc0: LSI53C1030 A0: Capabilities={Initiator}
[    5.229652] scsi host2: ioc0: LSI53C1030 A0, FwRev=00000000h, Ports=1, MaxQ=256, IRQ=20
[    6.619860] [drm] VRAM 01000000
[    6.621085] scsi 2:0:0:0: Direct-Access     VBOX     HARDDISK         1.0  PQ: 0 ANSI: 5
[    6.623440] scsi target2:0:0: Beginning Domain Validation
[    6.625131] [TTM] Zone  kernel: Available graphics memory: 507860 kiB
[    6.634193] [TTM] Initializing pool allocator
[    6.635986] [TTM] Initializing DMA pool allocator
[    6.636882] scsi target2:0:0: Domain Validation skipping write tests
[    6.636883] scsi target2:0:0: Ending Domain Validation
[    6.637045] scsi target2:0:0: asynchronous
[    6.637917] scsi 2:0:1:0: Direct-Access     VBOX     HARDDISK         1.0  PQ: 0 ANSI: 5
[    6.637921] scsi target2:0:1: Beginning Domain Validation
[    6.640107] scsi target2:0:1: Domain Validation skipping write tests
[    6.640108] scsi target2:0:1: Ending Domain Validation
[    6.640151] scsi target2:0:1: asynchronous
[    6.656584] sd 2:0:0:0: [sda] 20971520 512-byte logical blocks: (10.7 GB/10.0 GiB)
[    6.657208] sd 2:0:0:0: Attached scsi generic sg0 type 0
[    6.659541] sd 2:0:1:0: Attached scsi generic sg1 type 0
[    6.659855] sd 2:0:1:0: [sdb] 20480 512-byte logical blocks: (10.5 MB/10.0 MiB)
[    6.660144] sd 2:0:1:0: [sdb] Write Protect is off
[    6.660351] sd 2:0:1:0: [sdb] Incomplete mode parameter data
[    6.660352] sd 2:0:1:0: [sdb] Assuming drive cache: write through
[    6.670427] sd 2:0:1:0: [sdb] Attached SCSI disk
[    6.672900] fbcon: vboxdrmfb (fb0) is primary device
[    6.673158] sd 2:0:0:0: [sda] Write Protect is off
[    6.673263] sd 2:0:0:0: [sda] Incomplete mode parameter data
[    6.673264] sd 2:0:0:0: [sda] Assuming drive cache: write through
[    6.678762] Console: switching to colour frame buffer device 100x37
[    6.681026]  sda: sda1
[    6.687473] vboxvideo 0000:00:02.0: fb0: vboxdrmfb frame buffer device
[    6.689083] sd 2:0:0:0: [sda] Attached SCSI disk
[    6.694500] [drm] Initialized vboxvideo 1.0.0 20130823 for 0000:00:02.0 on minor 0
Begin: Loading essential drivers ... [    6.788698] md: linear personality registered for level -1
[    6.792576] md: multipath personality registered for level -4
[    6.796466] md: raid0 personality registered for level 0
[    6.800996] md: raid1 personality registered for level 1
[    6.874218] raid6: sse2x1   gen() 11447 MB/s
[    6.942290] raid6: sse2x1   xor()  8780 MB/s
[    7.010210] raid6: sse2x2   gen() 15260 MB/s
[    7.078255] raid6: sse2x2   xor() 10812 MB/s
[    7.146288] raid6: sse2x4   gen() 17416 MB/s
[    7.214224] raid6: sse2x4   xor() 10643 MB/s
[    7.282201] raid6: avx2x1   gen() 20670 MB/s
[    7.350216] raid6: avx2x2   gen() 28618 MB/s
[    7.418226] raid6: avx2x4   gen() 31257 MB/s
[    7.419759] raid6: using algorithm avx2x4 gen() 31257 MB/s
[    7.421289] raid6: using avx2x2 recovery algorithm
[    7.423921] xor: automatically using best checksumming function:
[    7.470189]    avx       : 68722.000 MB/sec
[    7.472295] async_tx: api initialized (async)
[    7.481703] md: raid6 personality registered for level 6
[    7.483444] md: raid5 personality registered for level 5
[    7.485193] md: raid4 personality registered for level 4
[    7.492770] md: raid10 personality registered for level 10
done.
Begin: Running /scripts/init-premount ... done.
Begin: Mounting root file system ... Begin: Running /scripts/local-top ... done.
Begin: Running /scripts/local-premount ... [    7.519760] Btrfs loaded
Scanning for Btrfs filesystems
done.
Warning: fsck not present, so skipping root file system
[    7.596144] EXT4-fs (sda1): mounted filesystem with ordered data mode. Opts: (null)
done.
Begin: Running /scripts/local-bottom ... done.
Begin: Running /scripts/init-bottom ... done.
[    8.045359] systemd[1]: systemd 229 running in system mode. (+PAM +AUDIT +SELINUX +IMA +APPARMOR +SMACK +SYSVINIT +UTMP +LIBCRYPTSETUP +GCRYPT +GNUTLS +ACL +XZ -LZ4 +SECCOMP +BLKID +ELFUTILS +KMOD -IDN)
[    8.050381] systemd[1]: Detected virtualization oracle.
[    8.051916] systemd[1]: Detected architecture x86-64.

Welcome to [1mUbuntu 16.04.7 LTS[0m!

[    8.081721] systemd[1]: Set hostname to <display>.
[    8.596062] systemd[1]: Reached target User and Group Name Lookups.
[[0;32m  OK  [0m] Reached target User and Group Name Lookups.
[    8.606848] systemd[1]: Listening on Journal Audit Socket.
[[0;32m  OK  [0m] Listening on Journal Audit Socket.
[    8.614695] systemd[1]: Set up automount Arbitrary Executable File Formats File System Automount Point.
[[0;32m  OK  [0m] Set up automount Arbitrary Executab...ats File System Automount Point.
[    8.626356] systemd[1]: Reached target Encrypted Volumes.
[[0;32m  OK  [0m] Reached target Encrypted Volumes.
[    8.635051] systemd[1]: Created slice User and Session Slice.
[[0;32m  OK  [0m] Created slice User and Session Slice.
[    8.642431] systemd[1]: Listening on /dev/initctl Compatibility Named Pipe.
[[0;32m  OK  [0m] Listening on /dev/initctl Compatibility Named Pipe.
[    8.651007] systemd[1]: Listening on LVM2 poll daemon socket.
[[0;32m  OK  [0m] Listening on LVM2 poll daemon socket.
[    8.654069] systemd[1]: Listening on Journal Socket (/dev/log).
[[0;32m  OK  [0m] Listening on Journal Socket (/dev/log).
[    8.662427] systemd[1]: Started Trigger resolvconf update for networkd DNS.
[[0;32m  OK  [0m] Started Trigger resolvconf update for networkd DNS.
[    8.670350] systemd[1]: Listening on Device-mapper event daemon FIFOs.
[[0;32m  OK  [0m] Listening on Device-mapper event daemon FIFOs.
[    8.678371] systemd[1]: Reached target System Time Synchronized.
[[0;32m  OK  [0m] Reached target System Time Synchronized.
[    8.681073] systemd[1]: Started Forward Password Requests to Wall Directory Watch.
[[0;32m  OK  [0m] Started Forward Password Requests to Wall Directory Watch.
[    8.690728] systemd[1]: Listening on Syslog Socket.
[[0;32m  OK  [0m] Listening on Syslog Socket.
[    8.698323] systemd[1]: Listening on LVM2 metadata daemon socket.
[[0;32m  OK  [0m] Listening on LVM2 metadata daemon socket.
[    8.706416] systemd[1]: Listening on Journal Socket.
[[0;32m  OK  [0m] Listening on Journal Socket.
[    8.709399] systemd[1]: Created slice System Slice.
[[0;32m  OK  [0m] Created slice System Slice.
[    8.730494] systemd[1]: Mounting POSIX Message Queue File System...
         Mounting POSIX Message Queue File System...
[    8.739110] systemd[1]: Starting Journal Service...
         Starting Journal Service...
[    8.747133] systemd[1]: Mounting Huge Pages File System...
         Mounting Huge Pages File System...
[    8.762154] systemd[1]: Starting Load Kernel Modules...
         Starting Load Kernel Modules...
[    8.782665] systemd[1]: Starting Monitoring of LVM2 mirrors, snapshots etc. using dmeventd or progress polling...
         Starting Monitoring of LVM2 mirrors... dmeventd or progress polling...
[    8.795547] systemd[1]: Starting Set console keymap...
         Starting Set console keymap...
[    8.811355] Loading iSCSI transport class v2.0-870.
[    8.811526] systemd[1]: Starting Nameserver information manager...
         Starting Nameserver information manager...
[    8.823932] systemd[1]: Starting Remount Root and Kernel File Systems...
         Starting Remount Root and Kernel File Systems...
[    8.835635] systemd[1]: Starting Create list of required static device nodes for the current kernel...
         Starting Create list of required st... nodes for the current kernel...
[    8.840752] systemd[1]: Listening on udev Control Socket.
[[0;32m  OK  [0m] Listening on udev Control Socket.
[    8.845446] systemd[1]: Mounting Debug File System...
         Mounting Debug File System...
[    8.854648] systemd[1]: Reached target Swap.
[[0;32m  OK  [0m] Reached target Swap.
[    8.859531] iscsi: registered transport (tcp)
[    8.862003] EXT4-fs (sda1): re-mounted. Opts: (null)
[    8.866785] systemd[1]: Created slice system-serial\x2dgetty.slice.
[[0;32m  OK  [0m] Created slice system-serial\x2dgetty.slice.
[    8.878644] systemd[1]: Starting Uncomplicated firewall...
         Starting Uncomplicated firewall...
[    8.882183] systemd[1]: Listening on udev Kernel Socket.
[[0;32m  OK  [0m] Listening on udev Kernel Socket.
[    8.886255] systemd[1]: Reached target Slices.
[[0;32m  OK  [0m] Reached target Slices.
[    8.890209] systemd[1]: Mounted Debug File System.
[[0;32m  OK  [0m] Mounted Debug File System.
[    8.902684] systemd[1]: Mounted POSIX Message Queue File System.
[[0;32m  OK  [0m] Mounted POSIX Message Queue File System.
[    8.906258] systemd[1]: Mounted Huge Pages File System.
[[0;32m  OK  [0m] Mounted Huge Pages File System.
[    8.914732] systemd[1]: Started Journal Service.
[[0;32m  OK  [0m] Started Journal Service.
[[0;32m  OK  [0m] Started Set console keymap.
[[0;32m  OK  [0m] Started Remount Root and Kernel File Systems.
[[0;32m  OK  [0m] Started Create list of required sta...ce nodes for the current kernel.
[    8.940028] iscsi: registered transport (iser)
[[0;32m  OK  [0m] Started Uncomplicated firewall.
[[0;32m  OK  [0m] Started Load Kernel Modules.
[[0;32m  OK  [0m] Started Nameserver information manager.
[[0;32m  OK  [0m] Started LVM2 metadata daemon.
         Starting Apply Kernel Variables...
         Mounting FUSE Control File System...
         Starting Create Static Device Nodes in /dev...
         Starting Load/Save Random Seed...
         Starting udev Coldplug all Devices...
         Starting Flush Journal to Persistent Storage...
[[0;32m  OK  [0m] Mounted FUSE Control File System.
[[0;32m  OK  [0m] Started Load/Save Random Seed.
[    9.007987] systemd-journald[366]: Received request to flush runtime journal from PID 1
[[0;32m  OK  [0m] Started Apply Kernel Variables.
[[0;32m  OK  [0m] Started Flush Journal to Persistent Storage.
[[0;32m  OK  [0m] Started udev Coldplug all Devices.
[[0;32m  OK  [0m] Started Create Static Device Nodes in /dev.
         Starting udev Kernel Device Manager...
[[0;32m  OK  [0m] Started udev Kernel Device Manager.
[[0;32m  OK  [0m] Started Dispatch Password Requests to Console Directory Watch.
[[0;32m  OK  [0m] Started Monitoring of LVM2 mirrors,...ng dmeventd or progress polling.
[[0;32m  OK  [0m] Reached target Local File Systems (Pre).
[[0;32m  OK  [0m] Reached target Local File Systems.
         Starting Create Volatile Files and Directories...
         Starting Initial cloud-init job (pre-networking)...
         Starting Set console font and keymap...
         Starting LSB: AppArmor initialization...
         Starting Tell Plymouth To Write Out Runtime Data...
[[0;32m  OK  [0m] Started Tell Plymouth To Write Out Runtime Data.
[[0;32m  OK  [0m] Started Create Volatile Files and Directories.
         Starting Update UTMP about System Boot/Shutdown...
[[0;32m  OK  [0m] Found device /dev/ttyS0.
[[0;32m  OK  [0m] Started Update UTMP about System Boot/Shutdown.
[[0;32m  OK  [0m] Listening on Load/Save RF Kill Switch Status /dev/rfkill Watch.
[[0;32m  OK  [0m] Started Set console font and keymap.
[[0;32m  OK  [0m] Created slice system-getty.slice.
[[0;32m  OK  [0m] Found device 82540EM Gigabit Ethern...r (PRO/1000 MT Desktop Adapter).
[[0;32m  OK  [0m] Found device 82540EM Gigabit Ethern...r (PRO/1000 MT Desktop Adapter).
[[0;32m  OK  [0m] Started LSB: AppArmor initialization.
         Starting Load AppArmor profiles managed internally by snapd...
[[0;32m  OK  [0m] Started Load AppArmor profiles managed internally by snapd.
[   11.059117] cloud-init[478]: Cloud-init v. 20.2-45-g5f7825e2-0ubuntu1~16.04.1 running 'init-local' at Sun, 30 Aug 2020 23:46:49 +0000. Up 10.71 seconds.
[[0;32m  OK  [0m] Started Initial cloud-init job (pre-networking).
[[0;32m  OK  [0m] Reached target Network (Pre).
         Starting Raise network interfaces...
[[0;32m  OK  [0m] Started ifup for enp0s3.
[[0;32m  OK  [0m] Started ifup for enp0s8.
[[0;32m  OK  [0m] Started Raise network interfaces.
         Starting Initial cloud-init job (metadata service crawler)...
[[0;32m  OK  [0m] Reached target Network.
[   11.840647] cloud-init[1075]: Cloud-init v. 20.2-45-g5f7825e2-0ubuntu1~16.04.1 running 'init' at Sun, 30 Aug 2020 23:46:50 +0000. Up 11.54 seconds.
[   11.848511] cloud-init[1075]: ci-info: ++++++++++++++++++++++++++++++++++++++Net device info+++++++++++++++++++++++++++++++++++++++
[   11.857977] cloud-init[1075]: ci-info: +--------+------+-----------------------------+---------------+--------+-------------------+
[   11.868115] cloud-init[1075]: ci-info: | Device |  Up  |           Address           |      Mask     | Scope  |     Hw-Address    |
[   11.880235] cloud-init[1075]: ci-info: +--------+------+-----------------------------+---------------+--------+-------------------+
[[0;32m  OK  [0m] Started Initial cloud-init job (metadata service crawler).
[[   11.880395] [0;32m  OK  [0mcloud-init] [1075]: Reached target Cloud-config availability.ci-info: | enp0s3 | True |          10.0.2.15          | 255.255.255.0 | global | 02:e1:21:9c:b1:d3 |

[   11.900592] cloud-init[1075]: ci-info: | enp0s3 | True |  fe80::e1:21ff:fe9c:b1d3/64 |       .       |  link  | 02:e1:21:9c:b1:d3 |
[   11.900812] cloud-init[1075]: ci-info: | enp0s8 | True |         192.168.2.11        | 255.255.255.0 | global | 08:00:27:1f:3d:cf |
[[0;32m  OK  [0m] Reached target Network is Online.
[   11.900892] cloud-init[1075]: ci-info: | enp0s8 | True | fe80::a00:27ff:fe1f:3dcf/64 |       .       |  link  | 08:00:27:1f:3d:cf |
[   11.910179] cloud-init[1075]: ci-info: |   lo   | True |          127.0.0.1          |   255.0.0.0   |  host  |         .         |
[   11.920513] cloud-init[1075]: ci-info: |   lo   | True |           ::1/128           |       .       |  host  |         .         |
         [   11.920702] Starting iSCSI initiator daemon (iscsid)...cloud-init
[1075]: ci-info: +--------+------+-----------------------------+---------------+--------+-------------------+
[   11.932707] cloud-init[1075]: ci-info: +++++++++++++++++++++++++++Route IPv4 info++++++++++++++++++++++++++++
[   11.932936] cloud-init[1075]: ci-info: +-------+-------------+----------+---------------+-----------+-------+
[[0;32m  OK  [0m] Reached target System Initialization.
[[   11.933012] [0;32m  OK  [0mcloud-init] [1075]: Listening on ACPID Listen Socket.ci-info: | Route | Destination | Gateway  |    Genmask    | Interface | Flags |

[   11.942547] cloud-init[1075]: ci-info: +-------+-------------+----------+---------------+-----------+-------+
[   11.952898] cloud-init[1075]: ci-info: |   0   |   0.0.0.0   | 10.0.2.2 |    0.0.0.0    |   enp0s3  |   UG  |
[   11.953144] cloud-init[1075]: ci-info: |   1   |   10.0.2.0  | 0.0.0.0  | 255.255.255.0 |   enp0s3  |   U   |
[[0;32m  OK  [0m] Started ACPI Events Check.
[[   11.953203] [0;32m  OK  [0mcloud-init] [1075]: Reached target Paths.ci-info: |   2   | 192.168.2.0 | 0.0.0.0  | 255.255.255.0 |   enp0s8  |   U   |

[   11.968317] cloud-init[1075]: ci-info: +-------+-------------+----------+---------------+-----------+-------+
[   11.976525] cloud-init[1075]: ci-info: +++++++++++++++++++Route IPv6 info+++++++++++++++++++
[   11.984866] cloud-init[1075]: ci-info: +-------+-------------+---------+-----------+-------+
[   11.985102] cloud-init[1075]: ci-info: | Route | Destination | Gateway | Interface | Flags |
[[0;32m  OK  [0m] Started Message of the Day.
[[   11.985137] [0;32m  OK  [0mcloud-init] [1075]: Listening on UUID daemon activation socket.ci-info: +-------+-------------+---------+-----------+-------+

[   12.000918] cloud-init[1075]: ci-info: |   0   |  fe80::/64  |    ::   |   enp0s8  |   U   |
[   12.001156] cloud-init[1075]: ci-info: |   1   |  fe80::/64  |    ::   |   enp0s3  |   U   |
[[0;32m  OK  [0m] Started Daily apt download activities.
[   12.002937] cloud-init[1075]: ci-info: |   4   |   ff00::/8  |    ::   |   enp0s8  |   U   |
[   12.003155] cloud-init[1075]: ci-info: |   5   |   ff00::/8  |    ::   |   enp0s3  |   U   |
[[0;32m  OK  [0m] Started Daily apt upgrade and clean activities.
[   12.003204] cloud-init[1075]: ci-info: +-------+-------------+---------+-----------+-------+
         Starting LXD - unix socket.
[[0;32m  OK  [0m] Listening on D-Bus System Message Bus Socket.
         Starting Socket activation for snappy daemon.
[[0;32m  OK  [0m] Started Daily Cleanup of Temporary Directories.
[[0;32m  OK  [0m] Reached target Timers.
[[0;32m  OK  [0m] Listening on LXD - unix socket.
[[0;32m  OK  [0m] Listening on Socket activation for snappy daemon.
[[0;32m  OK  [0m] Reached target Sockets.
[[0;32m  OK  [0m] Reached target Basic System.
         Starting LXD - container startup/shutdown...
         Starting vboxadd.service...
[[0;32m  OK  [0m] Started ACPI event daemon.
[[0;32m  OK  [0m] Started Regular background program processing daemon.
         Starting LSB: MD monitoring daemon...
         Starting /etc/rc.local Compatibility...
[[0;32m  OK  [0m] Started FUSE filesystem for LXC.
         Starting OpenBSD Secure Shell server...
         Starting LSB: Record successful boot for GRUB...
[[0;32m  OK  [0m] Started D-Bus System Message Bus.
[[0;32m  OK  [0m] Started Deferred execution scheduler.
         Starting Login Service...
         Starting Accounts Service...
         Starting System Logging Service...
         Starting Snap Daemon...
[[0;32m  OK  [0m] Started iSCSI initiator daemon (iscsid).
[[0;32m  OK  [0m] Started /etc/rc.local Compatibility.
         Starting Login to default iSCSI targets...
[[0;32m  OK  [0m] Started Login Service.
[[0;32m  OK  [0m] Started Unattended Upgrades Shutdown.
[[0;32m  OK  [0m] Started OpenBSD Secure Shell server.
[[0;32m  OK  [0m] Started LSB: MD monitoring daemon.
[[0;32m  OK  [0m] Started LSB: Record successful boot for GRUB.
[[0;32m  OK  [0m] Started System Logging Service.
[[0;32m  OK  [0m] Started Login to default iSCSI targets.
[[0;32m  OK  [0m] Reached target Remote File Systems (Pre).
[[0;32m  OK  [0m] Reached target Remote File Systems.
         Starting LSB: Set the CPU Frequency Scaling governor to "ondemand"...
         Starting Permit User Sessions...
         Starting LSB: daemon to balance interrupts for SMP systems...
         Starting LSB: Apache2 web server...
         Starting LSB: automatic crash report generation...
[[0;32m  OK  [0m] Started Permit User Sessions.
         Starting Terminate Plymouth Boot Screen...
         Starting Hold until boot process finishes up...
[[0;32m  OK  [0m] Started Terminate Plymouth Boot Screen.
[[0;32m  OK  [0m] Started Hold until boot process finishes up.
         Starting Set console scheme...
[[0;32m  OK  [0m] Started Serial Getty on ttyS0.
[[0;32m  OK  [0m] Started Getty on tty1.
[[0;32m  OK  [0m] Reached target Login Prompts.
[[0;32m  OK  [0m] Started LSB: Set the CPU Frequency Scaling governor to "ondemand".
[[0;32m  OK  [0m] Started Set console scheme.
[[0;32m  OK  [0m] Started LSB: daemon to balance interrupts for SMP systems.
         Starting Authenticate and Authorize Users to Run Privileged Tasks...
[[0;32m  OK  [0m] Started LSB: automatic crash report generation.
[[0;32m  OK  [0m] Started LXD - container startup/shutdown.
[[0;32m  OK  [0m] Started Authenticate and Authorize Users to Run Privileged Tasks.
[[0;32m  OK  [0m] Started Accounts Service.
[[0;32m  OK  [0m] Started Snap Daemon.
         Starting Wait until snapd is fully seeded...
[[0;32m  OK  [0m] Started Wait until snapd is fully seeded.
         Starting Apply the settings specified in cloud-config...
[   13.778605] cloud-init[1353]: Cloud-init v. 20.2-45-g5f7825e2-0ubuntu1~16.04.1 running 'modules:config' at Sun, 30 Aug 2020 23:46:52 +0000. Up 13.66 seconds.
[[0;32m  OK  [0m] Started Apply the settings specified in cloud-config.
[[0;32m  OK  [0m] Started LSB: Apache2 web server.
[[0;32m  OK  [0m] Started vboxadd.service.
         Starting vboxadd-service.service...
[[0;32m  OK  [0m] Started vboxadd-service.service.
[[0;32m  OK  [0m] Reached target Multi-User System.
         Starting Execute cloud user/final scripts...
[[0;32m  OK  [0m] Reached target Graphical Interface.
         Starting Update UTMP about System Runlevel Changes...
[[0;32m  OK  [0m] Started Update UTMP about System Runlevel Changes.
[   15.866995] cloud-init[1445]: Cloud-init v. 20.2-45-g5f7825e2-0ubuntu1~16.04.1 running 'modules:final' at Sun, 30 Aug 2020 23:46:54 +0000. Up 15.76 seconds.
[   15.876850] cloud-init[1445]: Cloud-init v. 20.2-45-g5f7825e2-0ubuntu1~16.04.1 finished at Sun, 30 Aug 2020 23:46:54 +0000. Datasource DataSourceNoCloud [seed=/dev/sdb][dsmode=net].  Up 15.86 seconds
[[0;32m  OK  [0m] Started Execute cloud user/final scripts.
[[0;32m  OK  [0m] Reached target Cloud-init target.

Ubuntu 16.04.7 LTS display ttyS0

display login: 